
> flowtest-workbench@0.1.0 build
> tsc -b && vite build

vite v8.3.0 building client environment for production...
transforming...
✓ 2106 modules transformed.
rendering chunks...
computing gzip size...
dist/index.html                           0.47 kB │ gzip:   0.33 kB
dist/assets/environments-mODf3FXq.css     7.54 kB │ gzip:   1.68 kB
dist/assets/ScenarioPanel-BXJVL-BH.css    8.31 kB │ gzip:   1.89 kB
dist/assets/runs-DMWg94Lt.css            15.41 kB │ gzip:   3.06 kB
dist/assets/index-COB_z9Ik.css           55.21 kB │ gzip:  11.04 kB
dist/assets/circle-AwxG0c6i.js            0.15 kB │ gzip:   0.15 kB
dist/assets/square-BdRPH0KF.js            0.37 kB │ gzip:   0.26 kB
dist/assets/list-checks-CyZ6gFEg.js       2.57 kB │ gzip:   1.08 kB
dist/assets/environments-BlkgBrjE.js     22.01 kB │ gzip:   7.67 kB
dist/assets/runs-CQIM6NAi.js             28.56 kB │ gzip:   9.25 kB
dist/assets/ScenarioPanel-DrMc8Rm1.js   325.72 kB │ gzip:  86.21 kB
dist/assets/index-IHtmXZNc.js           467.46 kB │ gzip: 144.72 kB
dist/assets/dist-BV0OT5VC.js            509.53 kB │ gzip: 171.07 kB

✓ built in 1.93s
[plugin builtin:vite-reporter]
(!) Some chunks are larger than 500 kB after minification. Consider:
- Using dynamic import() to code-split the application
- Use build.rolldownOptions.output.codeSplitting to improve chunking: https://rolldown.rs/reference/OutputOptions.codeSplitting
- Adjust chunk size limit for this warning via build.chunkSizeWarningLimit.
